root-image/usr/share/locale/af
root-image/usr/share/locale/am
root-image/usr/share/locale/ar
root-image/usr/share/locale/as
root-image/usr/share/locale/az
root-image/usr/share/locale/be
root-image/usr/share/locale/be@latin
root-image/usr/share/locale/be-tarask
root-image/usr/share/locale/bg
root-image/usr/share/locale/bn
root-image/usr/share/locale/bn_IN
root-image/usr/share/locale/bs
root-image/usr/share/locale/ca
root-image/usr/share/locale/ca@valencia
root-image/usr/share/locale/cs
root-image/usr/share/locale/cy
root-image/usr/share/locale/da
root-image/usr/share/locale/de_AT
root-image/usr/share/locale/dz
root-image/usr/share/locale/el
root-image/usr/share/locale/eo
root-image/usr/share/locale/et
root-image/usr/share/locale/eu
root-image/usr/share/locale/fa
root-image/usr/share/locale/fi
root-image/usr/share/locale/fr
root-image/usr/share/locale/ga
root-image/usr/share/locale/gl
root-image/usr/share/locale/gu
root-image/usr/share/locale/he
root-image/usr/share/locale/hi
root-image/usr/share/locale/hr
root-image/usr/share/locale/hu
root-image/usr/share/locale/hy
root-image/usr/share/locale/id
root-image/usr/share/locale/is
root-image/usr/share/locale/it
root-image/usr/share/locale/ja
root-image/usr/share/locale/ka
root-image/usr/share/locale/kk
root-image/usr/share/locale/km
root-image/usr/share/locale/kn
root-image/usr/share/locale/ko
root-image/usr/share/locale/ku
root-image/usr/share/locale/ky
root-image/usr/share/locale/lg
root-image/usr/share/locale/lt
root-image/usr/share/locale/lv
root-image/usr/share/locale/mai
root-image/usr/share/locale/mg
root-image/usr/share/locale/mk
root-image/usr/share/locale/ml
root-image/usr/share/locale/mn
root-image/usr/share/locale/mr
root-image/usr/share/locale/ms
root-image/usr/share/locale/nb
root-image/usr/share/locale/nb_NO
root-image/usr/share/locale/ne
root-image/usr/share/locale/nl
root-image/usr/share/locale/nn
root-image/usr/share/locale/no
root-image/usr/share/locale/oc
root-image/usr/share/locale/or
root-image/usr/share/locale/pa
root-image/usr/share/locale/pl
root-image/usr/share/locale/ps
root-image/usr/share/locale/pt
root-image/usr/share/locale/pt_BR
root-image/usr/share/locale/rm
root-image/usr/share/locale/ro
root-image/usr/share/locale/ru
root-image/usr/share/locale/rw
root-image/usr/share/locale/si
root-image/usr/share/locale/sk
root-image/usr/share/locale/sl
root-image/usr/share/locale/sl_SI
root-image/usr/share/locale/sq
root-image/usr/share/locale/sr
root-image/usr/share/locale/sr@ije
root-image/usr/share/locale/sr@latin
root-image/usr/share/locale/sv
root-image/usr/share/locale/sv_SE
root-image/usr/share/locale/sw
root-image/usr/share/locale/ta
root-image/usr/share/locale/te
root-image/usr/share/locale/th
root-image/usr/share/locale/tl
root-image/usr/share/locale/tr
root-image/usr/share/locale/tt
root-image/usr/share/locale/uk
root-image/usr/share/locale/vi
root-image/usr/share/locale/wa
root-image/usr/share/locale/xh
root-image/usr/share/locale/yi
root-image/usr/share/locale/zh_CN
root-image/usr/share/locale/zh_HK
root-image/usr/share/locale/zh_TW
root-image/usr/share/locale/zu
root-image/usr/share/man/cs
root-image/usr/share/man/de
root-image/usr/share/man/es
root-image/usr/share/man/fi
root-image/usr/share/man/fr
root-image/usr/share/man/hu
root-image/usr/share/man/id
root-image/usr/share/man/it
root-image/usr/share/man/ja
root-image/usr/share/man/ko
root-image/usr/share/man/nl
root-image/usr/share/man/pl
root-image/usr/share/man/pt_BR
root-image/usr/share/man/ru
root-image/usr/share/man/sr
root-image/usr/share/man/sv
root-image/usr/share/man/tr
root-image/usr/share/man/zh_CN
root-image/usr/share/man/zh_TW
